Archive member included to satisfy reference by file (symbol)

/usr/lib/gcc/avr/4.9.2/avr5/libgcc.a(_exit.o)
                              /usr/lib/gcc/avr/4.9.2/../../../../avr/lib/avr5/crtm16u4.o (exit)
/usr/lib/gcc/avr/4.9.2/avr5/libgcc.a(_tablejump2.o)
                              LUFA-111009/LUFA/Drivers/USB/Core/DeviceStandardReq.o (__tablejump2__)
/usr/lib/gcc/avr/4.9.2/avr5/libgcc.a(_copy_data.o)
                              Caterina.o (__do_copy_data)
/usr/lib/gcc/avr/4.9.2/avr5/libgcc.a(_clear_bss.o)
                              Caterina.o (__do_clear_bss)
/usr/lib/gcc/avr/4.9.2/../../../../avr/lib/avr5/libc.a(eerd_byte_atmega16u4.o)
                              Caterina.o (__eerd_byte_m16u4)
/usr/lib/gcc/avr/4.9.2/../../../../avr/lib/avr5/libc.a(eeupd_byte_atmega16u4.o)
                              LUFA-111009/LUFA/Drivers/USB/Core/AVR8/EndpointStream_AVR8.o (__eeupd_byte_m16u4)
/usr/lib/gcc/avr/4.9.2/../../../../avr/lib/avr5/libc.a(eewr_byte_atmega16u4.o)
                              Caterina.o (__eewr_byte_m16u4)

Allocating common symbols
Common symbol       size              file

USB_IsInitialized   0x1               LUFA-111009/LUFA/Drivers/USB/Core/USBTask.o
USB_Device_ConfigurationNumber
                    0x1               LUFA-111009/LUFA/Drivers/USB/Core/DeviceStandardReq.o
USB_ControlRequest  0x8               LUFA-111009/LUFA/Drivers/USB/Core/USBTask.o

Discarded input sections

 .data          0x0000000000000000        0x0 /usr/lib/gcc/avr/4.9.2/../../../../avr/lib/avr5/crtm16u4.o
 .bss           0x0000000000000000        0x0 /usr/lib/gcc/avr/4.9.2/../../../../avr/lib/avr5/crtm16u4.o
 .text          0x0000000000000000        0x0 Caterina.o
 .rodata        0x0000000000000000        0x2 Caterina.o
 .text          0x0000000000000000        0x0 Descriptors.o
 .data          0x0000000000000000        0x0 Descriptors.o
 .bss           0x0000000000000000        0x0 Descriptors.o
 .text          0x0000000000000000        0x0 LUFA-111009/LUFA/Drivers/USB/Core/AVR8/Device_AVR8.o
 .data          0x0000000000000000        0x0 LUFA-111009/LUFA/Drivers/USB/Core/AVR8/Device_AVR8.o
 .bss           0x0000000000000000        0x0 LUFA-111009/LUFA/Drivers/USB/Core/AVR8/Device_AVR8.o
 .text.USB_Device_SendRemoteWakeup
                0x0000000000000000       0x2a LUFA-111009/LUFA/Drivers/USB/Core/AVR8/Device_AVR8.o
 .debug_info    0x0000000000000000       0xd2 LUFA-111009/LUFA/Drivers/USB/Core/AVR8/Device_AVR8.o
 .debug_abbrev  0x0000000000000000       0x80 LUFA-111009/LUFA/Drivers/USB/Core/AVR8/Device_AVR8.o
 .debug_aranges
                0x0000000000000000       0x20 LUFA-111009/LUFA/Drivers/USB/Core/AVR8/Device_AVR8.o
 .debug_ranges  0x0000000000000000       0x10 LUFA-111009/LUFA/Drivers/USB/Core/AVR8/Device_AVR8.o
 .debug_line    0x0000000000000000       0xf3 LUFA-111009/LUFA/Drivers/USB/Core/AVR8/Device_AVR8.o
 .debug_str     0x0000000000000000      0x1f0 LUFA-111009/LUFA/Drivers/USB/Core/AVR8/Device_AVR8.o
 .comment       0x0000000000000000       0x28 LUFA-111009/LUFA/Drivers/USB/Core/AVR8/Device_AVR8.o
 .debug_frame   0x0000000000000000       0x24 LUFA-111009/LUFA/Drivers/USB/Core/AVR8/Device_AVR8.o
 .text          0x0000000000000000        0x0 LUFA-111009/LUFA/Drivers/USB/Core/AVR8/Endpoint_AVR8.o
 .data          0x0000000000000000        0x0 LUFA-111009/LUFA/Drivers/USB/Core/AVR8/Endpoint_AVR8.o
 .bss           0x0000000000000000        0x0 LUFA-111009/LUFA/Drivers/USB/Core/AVR8/Endpoint_AVR8.o
 .text.Endpoint_ClearEndpoints
                0x0000000000000000       0x28 LUFA-111009/LUFA/Drivers/USB/Core/AVR8/Endpoint_AVR8.o
 .text.Endpoint_WaitUntilReady
                0x0000000000000000       0x62 LUFA-111009/LUFA/Drivers/USB/Core/AVR8/Endpoint_AVR8.o
 .text          0x0000000000000000        0x0 LUFA-111009/LUFA/Drivers/USB/Core/AVR8/Host_AVR8.o
 .data          0x0000000000000000        0x0 LUFA-111009/LUFA/Drivers/USB/Core/AVR8/Host_AVR8.o
 .bss           0x0000000000000000        0x0 LUFA-111009/LUFA/Drivers/USB/Core/AVR8/Host_AVR8.o
 .debug_line    0x0000000000000000        0x0 LUFA-111009/LUFA/Drivers/USB/Core/AVR8/Host_AVR8.o
 .debug_str     0x0000000000000000      0x128 LUFA-111009/LUFA/Drivers/USB/Core/AVR8/Host_AVR8.o
 .comment       0x0000000000000000       0x28 LUFA-111009/LUFA/Drivers/USB/Core/AVR8/Host_AVR8.o
 .text          0x0000000000000000        0x0 LUFA-111009/LUFA/Drivers/USB/Core/AVR8/Pipe_AVR8.o
 .data          0x0000000000000000        0x0 LUFA-111009/LUFA/Drivers/USB/Core/AVR8/Pipe_AVR8.o
 .bss           0x0000000000000000        0x0 LUFA-111009/LUFA/Drivers/USB/Core/AVR8/Pipe_AVR8.o
 .debug_line    0x0000000000000000        0x0 LUFA-111009/LUFA/Drivers/USB/Core/AVR8/Pipe_AVR8.o
 .debug_str     0x0000000000000000      0x128 LUFA-111009/LUFA/Drivers/USB/Core/AVR8/Pipe_AVR8.o
 .comment       0x0000000000000000       0x28 LUFA-111009/LUFA/Drivers/USB/Core/AVR8/Pipe_AVR8.o
 .text          0x0000000000000000        0x0 LUFA-111009/LUFA/Drivers/USB/Core/AVR8/USBController_AVR8.o
 .data          0x0000000000000000        0x0 LUFA-111009/LUFA/Drivers/USB/Core/AVR8/USBController_AVR8.o
 .bss           0x0000000000000000        0x0 LUFA-111009/LUFA/Drivers/USB/Core/AVR8/USBController_AVR8.o
 .text.USB_Disable
                0x0000000000000000       0x34 LUFA-111009/LUFA/Drivers/USB/Core/AVR8/USBController_AVR8.o
 .text          0x0000000000000000        0x0 LUFA-111009/LUFA/Drivers/USB/Core/AVR8/USBInterrupt_AVR8.o
 .data          0x0000000000000000        0x0 LUFA-111009/LUFA/Drivers/USB/Core/AVR8/USBInterrupt_AVR8.o
 .bss           0x0000000000000000        0x0 LUFA-111009/LUFA/Drivers/USB/Core/AVR8/USBInterrupt_AVR8.o
 .text          0x0000000000000000        0x0 LUFA-111009/LUFA/Drivers/USB/Core/AVR8/EndpointStream_AVR8.o
 .data          0x0000000000000000        0x0 LUFA-111009/LUFA/Drivers/USB/Core/AVR8/EndpointStream_AVR8.o
 .bss           0x0000000000000000        0x0 LUFA-111009/LUFA/Drivers/USB/Core/AVR8/EndpointStream_AVR8.o
 .text.Endpoint_Discard_Stream
                0x0000000000000000       0x80 LUFA-111009/LUFA/Drivers/USB/Core/AVR8/EndpointStream_AVR8.o
 .text.Endpoint_Null_Stream
                0x0000000000000000       0x80 LUFA-111009/LUFA/Drivers/USB/Core/AVR8/EndpointStream_AVR8.o
 .text.Endpoint_Write_Stream_LE
                0x0000000000000000       0x9a LUFA-111009/LUFA/Drivers/USB/Core/AVR8/EndpointStream_AVR8.o
 .text.Endpoint_Write_Stream_BE
                0x0000000000000000       0xa6 LUFA-111009/LUFA/Drivers/USB/Core/AVR8/EndpointStream_AVR8.o
 .text.Endpoint_Read_Stream_LE
                0x0000000000000000       0x9a LUFA-111009/LUFA/Drivers/USB/Core/AVR8/EndpointStream_AVR8.o
 .text.Endpoint_Read_Stream_BE
                0x0000000000000000       0xa6 LUFA-111009/LUFA/Drivers/USB/Core/AVR8/EndpointStream_AVR8.o
 .text.Endpoint_Write_PStream_LE
                0x0000000000000000       0xa0 LUFA-111009/LUFA/Drivers/USB/Core/AVR8/EndpointStream_AVR8.o
 .text.Endpoint_Write_PStream_BE
                0x0000000000000000       0xa8 LUFA-111009/LUFA/Drivers/USB/Core/AVR8/EndpointStream_AVR8.o
 .text.Endpoint_Write_EStream_LE
                0x0000000000000000       0xa0 LUFA-111009/LUFA/Drivers/USB/Core/AVR8/EndpointStream_AVR8.o
 .text.Endpoint_Write_EStream_BE
                0x0000000000000000       0xaa LUFA-111009/LUFA/Drivers/USB/Core/AVR8/EndpointStream_AVR8.o
 .text.Endpoint_Read_EStream_LE
                0x0000000000000000       0xa0 LUFA-111009/LUFA/Drivers/USB/Core/AVR8/EndpointStream_AVR8.o
 .text.Endpoint_Read_EStream_BE
                0x0000000000000000       0xaa LUFA-111009/LUFA/Drivers/USB/Core/AVR8/EndpointStream_AVR8.o
 .text.Endpoint_Write_Control_Stream_BE
                0x0000000000000000       0xc4 LUFA-111009/LUFA/Drivers/USB/Core/AVR8/EndpointStream_AVR8.o
 .text.Endpoint_Read_Control_Stream_BE
                0x0000000000000000       0x7e LUFA-111009/LUFA/Drivers/USB/Core/AVR8/EndpointStream_AVR8.o
 .text.Endpoint_Write_Control_PStream_LE
                0x0000000000000000       0xb6 LUFA-111009/LUFA/Drivers/USB/Core/AVR8/EndpointStream_AVR8.o
 .text.Endpoint_Write_Control_PStream_BE
                0x0000000000000000       0xc2 LUFA-111009/LUFA/Drivers/USB/Core/AVR8/EndpointStream_AVR8.o
 .text.Endpoint_Write_Control_EStream_LE
                0x0000000000000000       0xe8 LUFA-111009/LUFA/Drivers/USB/Core/AVR8/EndpointStream_AVR8.o
 .text.Endpoint_Write_Control_EStream_BE
                0x0000000000000000       0xf4 LUFA-111009/LUFA/Drivers/USB/Core/AVR8/EndpointStream_AVR8.o
 .text.Endpoint_Read_Control_EStream_LE
                0x0000000000000000       0x90 LUFA-111009/LUFA/Drivers/USB/Core/AVR8/EndpointStream_AVR8.o
 .text.Endpoint_Read_Control_EStream_BE
                0x0000000000000000       0x8e LUFA-111009/LUFA/Drivers/USB/Core/AVR8/EndpointStream_AVR8.o
 .text          0x0000000000000000        0x0 LUFA-111009/LUFA/Drivers/USB/Core/AVR8/PipeStream_AVR8.o
 .data          0x0000000000000000        0x0 LUFA-111009/LUFA/Drivers/USB/Core/AVR8/PipeStream_AVR8.o
 .bss           0x0000000000000000        0x0 LUFA-111009/LUFA/Drivers/USB/Core/AVR8/PipeStream_AVR8.o
 .debug_line    0x0000000000000000        0x0 LUFA-111009/LUFA/Drivers/USB/Core/AVR8/PipeStream_AVR8.o
 .debug_str     0x0000000000000000      0x12e LUFA-111009/LUFA/Drivers/USB/Core/AVR8/PipeStream_AVR8.o
 .comment       0x0000000000000000       0x28 LUFA-111009/LUFA/Drivers/USB/Core/AVR8/PipeStream_AVR8.o
 .text          0x0000000000000000        0x0 LUFA-111009/LUFA/Drivers/USB/Core/ConfigDescriptor.o
 .data          0x0000000000000000        0x0 LUFA-111009/LUFA/Drivers/USB/Core/ConfigDescriptor.o
 .bss           0x0000000000000000        0x0 LUFA-111009/LUFA/Drivers/USB/Core/ConfigDescriptor.o
 .text.USB_GetNextDescriptor
                0x0000000000000000       0x3c LUFA-111009/LUFA/Drivers/USB/Core/ConfigDescriptor.o
 .text.USB_GetNextDescriptorOfType
                0x0000000000000000       0x48 LUFA-111009/LUFA/Drivers/USB/Core/ConfigDescriptor.o
 .text.USB_GetNextDescriptorOfTypeBefore
                0x0000000000000000       0x58 LUFA-111009/LUFA/Drivers/USB/Core/ConfigDescriptor.o
 .text.USB_GetNextDescriptorOfTypeAfter
                0x0000000000000000       0x3e LUFA-111009/LUFA/Drivers/USB/Core/ConfigDescriptor.o
 .text.USB_GetNextDescriptorComp
                0x0000000000000000       0x66 LUFA-111009/LUFA/Drivers/USB/Core/ConfigDescriptor.o
 .debug_info    0x0000000000000000      0x3c9 LUFA-111009/LUFA/Drivers/USB/Core/ConfigDescriptor.o
 .debug_abbrev  0x0000000000000000      0x176 LUFA-111009/LUFA/Drivers/USB/Core/ConfigDescriptor.o
 .debug_loc     0x0000000000000000      0x5bd LUFA-111009/LUFA/Drivers/USB/Core/ConfigDescriptor.o
 .debug_aranges
                0x0000000000000000       0x40 LUFA-111009/LUFA/Drivers/USB/Core/ConfigDescriptor.o
 .debug_ranges  0x0000000000000000       0x30 LUFA-111009/LUFA/Drivers/USB/Core/ConfigDescriptor.o
 .debug_line    0x0000000000000000      0x13d LUFA-111009/LUFA/Drivers/USB/Core/ConfigDescriptor.o
 .debug_str     0x0000000000000000      0x3d7 LUFA-111009/LUFA/Drivers/USB/Core/ConfigDescriptor.o
 .comment       0x0000000000000000       0x28 LUFA-111009/LUFA/Drivers/USB/Core/ConfigDescriptor.o
 .debug_frame   0x0000000000000000      0x124 LUFA-111009/LUFA/Drivers/USB/Core/ConfigDescriptor.o
 .text          0x0000000000000000        0x0 LUFA-111009/LUFA/Drivers/USB/Core/DeviceStandardReq.o
 .data          0x0000000000000000        0x0 LUFA-111009/LUFA/Drivers/USB/Core/DeviceStandardReq.o
 .bss           0x0000000000000000        0x0 LUFA-111009/LUFA/Drivers/USB/Core/DeviceStandardReq.o
 .text          0x0000000000000000        0x0 LUFA-111009/LUFA/Drivers/USB/Core/Events.o
 .data          0x0000000000000000        0x0 LUFA-111009/LUFA/Drivers/USB/Core/Events.o
 .bss           0x0000000000000000        0x0 LUFA-111009/LUFA/Drivers/USB/Core/Events.o
 .text          0x0000000000000000        0x0 LUFA-111009/LUFA/Drivers/USB/Core/HostStandardReq.o
 .data          0x0000000000000000        0x0 LUFA-111009/LUFA/Drivers/USB/Core/HostStandardReq.o
 .bss           0x0000000000000000        0x0 LUFA-111009/LUFA/Drivers/USB/Core/HostStandardReq.o
 .debug_line    0x0000000000000000        0x0 LUFA-111009/LUFA/Drivers/USB/Core/HostStandardReq.o
 .debug_str     0x0000000000000000      0x129 LUFA-111009/LUFA/Drivers/USB/Core/HostStandardReq.o
 .comment       0x0000000000000000       0x28 LUFA-111009/LUFA/Drivers/USB/Core/HostStandardReq.o
 .text          0x0000000000000000        0x0 LUFA-111009/LUFA/Drivers/USB/Core/USBTask.o
 .data          0x0000000000000000        0x0 LUFA-111009/LUFA/Drivers/USB/Core/USBTask.o
 .bss           0x0000000000000000        0x0 LUFA-111009/LUFA/Drivers/USB/Core/USBTask.o
 .text          0x0000000000000000        0x0 LUFA-111009/LUFA/Drivers/USB/Class/Common/HIDParser.o
 .data          0x0000000000000000        0x0 LUFA-111009/LUFA/Drivers/USB/Class/Common/HIDParser.o
 .bss           0x0000000000000000        0x0 LUFA-111009/LUFA/Drivers/USB/Class/Common/HIDParser.o
 .text.USB_ProcessHIDReport
                0x0000000000000000      0x66e LUFA-111009/LUFA/Drivers/USB/Class/Common/HIDParser.o
 .text.USB_GetHIDReportItemInfo
                0x0000000000000000       0xbc LUFA-111009/LUFA/Drivers/USB/Class/Common/HIDParser.o
 .text.USB_SetHIDReportItemInfo
                0x0000000000000000       0xce LUFA-111009/LUFA/Drivers/USB/Class/Common/HIDParser.o
 .text.USB_GetHIDReportSize
                0x0000000000000000       0x54 LUFA-111009/LUFA/Drivers/USB/Class/Common/HIDParser.o
 .debug_info    0x0000000000000000      0x736 LUFA-111009/LUFA/Drivers/USB/Class/Common/HIDParser.o
 .debug_abbrev  0x0000000000000000      0x21e LUFA-111009/LUFA/Drivers/USB/Class/Common/HIDParser.o
 .debug_loc     0x0000000000000000      0xb82 LUFA-111009/LUFA/Drivers/USB/Class/Common/HIDParser.o
 .debug_aranges
                0x0000000000000000       0x38 LUFA-111009/LUFA/Drivers/USB/Class/Common/HIDParser.o
 .debug_ranges  0x0000000000000000       0xd0 LUFA-111009/LUFA/Drivers/USB/Class/Common/HIDParser.o
 .debug_line    0x0000000000000000      0x23f LUFA-111009/LUFA/Drivers/USB/Class/Common/HIDParser.o
 .debug_str     0x0000000000000000      0x6b4 LUFA-111009/LUFA/Drivers/USB/Class/Common/HIDParser.o
 .comment       0x0000000000000000       0x28 LUFA-111009/LUFA/Drivers/USB/Class/Common/HIDParser.o
 .debug_frame   0x0000000000000000      0x14c LUFA-111009/LUFA/Drivers/USB/Class/Common/HIDParser.o
 .text          0x0000000000000000        0x0 /usr/lib/gcc/avr/4.9.2/avr5/libgcc.a(_exit.o)
 .data          0x0000000000000000        0x0 /usr/lib/gcc/avr/4.9.2/avr5/libgcc.a(_exit.o)
 .bss           0x0000000000000000        0x0 /usr/lib/gcc/avr/4.9.2/avr5/libgcc.a(_exit.o)
 .text.libgcc.mul
                0x0000000000000000        0x0 /usr/lib/gcc/avr/4.9.2/avr5/libgcc.a(_exit.o)
 .text.libgcc.div
                0x0000000000000000        0x0 /usr/lib/gcc/avr/4.9.2/avr5/libgcc.a(_exit.o)
 .text.libgcc   0x0000000000000000        0x0 /usr/lib/gcc/avr/4.9.2/avr5/libgcc.a(_exit.o)
 .text.libgcc.prologue
                0x0000000000000000        0x0 /usr/lib/gcc/avr/4.9.2/avr5/libgcc.a(_exit.o)
 .text.libgcc.builtins
                0x0000000000000000        0x0 /usr/lib/gcc/avr/4.9.2/avr5/libgcc.a(_exit.o)
 .text.libgcc.fmul
                0x0000000000000000        0x0 /usr/lib/gcc/avr/4.9.2/avr5/libgcc.a(_exit.o)
 .text.libgcc.fixed
                0x0000000000000000        0x0 /usr/lib/gcc/avr/4.9.2/avr5/libgcc.a(_exit.o)
 .text          0x0000000000000000        0x0 /usr/lib/gcc/avr/4.9.2/avr5/libgcc.a(_tablejump2.o)
 .data          0x0000000000000000        0x0 /usr/lib/gcc/avr/4.9.2/avr5/libgcc.a(_tablejump2.o)
 .bss           0x0000000000000000        0x0 /usr/lib/gcc/avr/4.9.2/avr5/libgcc.a(_tablejump2.o)
 .text.libgcc.mul
                0x0000000000000000        0x0 /usr/lib/gcc/avr/4.9.2/avr5/libgcc.a(_tablejump2.o)
 .text.libgcc.div
                0x0000000000000000        0x0 /usr/lib/gcc/avr/4.9.2/avr5/libgcc.a(_tablejump2.o)
 .text.libgcc.prologue
                0x0000000000000000        0x0 /usr/lib/gcc/avr/4.9.2/avr5/libgcc.a(_tablejump2.o)
 .text.libgcc.builtins
                0x0000000000000000        0x0 /usr/lib/gcc/avr/4.9.2/avr5/libgcc.a(_tablejump2.o)
 .text.libgcc.fmul
                0x0000000000000000        0x0 /usr/lib/gcc/avr/4.9.2/avr5/libgcc.a(_tablejump2.o)
 .text.libgcc.fixed
                0x0000000000000000        0x0 /usr/lib/gcc/avr/4.9.2/avr5/libgcc.a(_tablejump2.o)
 .text          0x0000000000000000        0x0 /usr/lib/gcc/avr/4.9.2/avr5/libgcc.a(_copy_data.o)
 .data          0x0000000000000000        0x0 /usr/lib/gcc/avr/4.9.2/avr5/libgcc.a(_copy_data.o)
 .bss           0x0000000000000000        0x0 /usr/lib/gcc/avr/4.9.2/avr5/libgcc.a(_copy_data.o)
 .text.libgcc.mul
                0x0000000000000000        0x0 /usr/lib/gcc/avr/4.9.2/avr5/libgcc.a(_copy_data.o)
 .text.libgcc.div
                0x0000000000000000        0x0 /usr/lib/gcc/avr/4.9.2/avr5/libgcc.a(_copy_data.o)
 .text.libgcc   0x0000000000000000        0x0 /usr/lib/gcc/avr/4.9.2/avr5/libgcc.a(_copy_data.o)
 .text.libgcc.prologue
                0x0000000000000000        0x0 /usr/lib/gcc/avr/4.9.2/avr5/libgcc.a(_copy_data.o)
 .text.libgcc.builtins
                0x0000000000000000        0x0 /usr/lib/gcc/avr/4.9.2/avr5/libgcc.a(_copy_data.o)
 .text.libgcc.fmul
                0x0000000000000000        0x0 /usr/lib/gcc/avr/4.9.2/avr5/libgcc.a(_copy_data.o)
 .text.libgcc.fixed
                0x0000000000000000        0x0 /usr/lib/gcc/avr/4.9.2/avr5/libgcc.a(_copy_data.o)
 .text          0x0000000000000000        0x0 /usr/lib/gcc/avr/4.9.2/avr5/libgcc.a(_clear_bss.o)
 .data          0x0000000000000000        0x0 /usr/lib/gcc/avr/4.9.2/avr5/libgcc.a(_clear_bss.o)
 .bss           0x0000000000000000        0x0 /usr/lib/gcc/avr/4.9.2/avr5/libgcc.a(_clear_bss.o)
 .text.libgcc.mul
                0x0000000000000000        0x0 /usr/lib/gcc/avr/4.9.2/avr5/libgcc.a(_clear_bss.o)
 .text.libgcc.div
                0x0000000000000000        0x0 /usr/lib/gcc/avr/4.9.2/avr5/libgcc.a(_clear_bss.o)
 .text.libgcc   0x0000000000000000        0x0 /usr/lib/gcc/avr/4.9.2/avr5/libgcc.a(_clear_bss.o)
 .text.libgcc.prologue
                0x0000000000000000        0x0 /usr/lib/gcc/avr/4.9.2/avr5/libgcc.a(_clear_bss.o)
 .text.libgcc.builtins
                0x0000000000000000        0x0 /usr/lib/gcc/avr/4.9.2/avr5/libgcc.a(_clear_bss.o)
 .text.libgcc.fmul
                0x0000000000000000        0x0 /usr/lib/gcc/avr/4.9.2/avr5/libgcc.a(_clear_bss.o)
 .text.libgcc.fixed
                0x0000000000000000        0x0 /usr/lib/gcc/avr/4.9.2/avr5/libgcc.a(_clear_bss.o)
 .text          0x0000000000000000        0x0 /usr/lib/gcc/avr/4.9.2/../../../../avr/lib/avr5/libc.a(eerd_byte_atmega16u4.o)
 .data          0x0000000000000000        0x0 /usr/lib/gcc/avr/4.9.2/../../../../avr/lib/avr5/libc.a(eerd_byte_atmega16u4.o)
 .bss           0x0000000000000000        0x0 /usr/lib/gcc/avr/4.9.2/../../../../avr/lib/avr5/libc.a(eerd_byte_atmega16u4.o)
 .text          0x0000000000000000        0x0 /usr/lib/gcc/avr/4.9.2/../../../../avr/lib/avr5/libc.a(eeupd_byte_atmega16u4.o)
 .data          0x0000000000000000        0x0 /usr/lib/gcc/avr/4.9.2/../../../../avr/lib/avr5/libc.a(eeupd_byte_atmega16u4.o)
 .bss           0x0000000000000000        0x0 /usr/lib/gcc/avr/4.9.2/../../../../avr/lib/avr5/libc.a(eeupd_byte_atmega16u4.o)
 .text.avr-libc
                0x0000000000000000       0x24 /usr/lib/gcc/avr/4.9.2/../../../../avr/lib/avr5/libc.a(eeupd_byte_atmega16u4.o)
 .text          0x0000000000000000        0x0 /usr/lib/gcc/avr/4.9.2/../../../../avr/lib/avr5/libc.a(eewr_byte_atmega16u4.o)
 .data          0x0000000000000000        0x0 /usr/lib/gcc/avr/4.9.2/../../../../avr/lib/avr5/libc.a(eewr_byte_atmega16u4.o)
 .bss           0x0000000000000000        0x0 /usr/lib/gcc/avr/4.9.2/../../../../avr/lib/avr5/libc.a(eewr_byte_atmega16u4.o)

Memory Configuration

Name             Origin             Length             Attributes
text             0x0000000000000000 0x0000000000020000 xr
data             0x0000000000800060 0x000000000000ffa0 rw !x
eeprom           0x0000000000810000 0x0000000000010000 rw !x
fuse             0x0000000000820000 0x0000000000000400 rw !x
lock             0x0000000000830000 0x0000000000000400 rw !x
signature        0x0000000000840000 0x0000000000000400 rw !x
*default*        0x0000000000000000 0xffffffffffffffff

Linker script and memory map

Address of section .data set to 0x800100
LOAD /usr/lib/gcc/avr/4.9.2/../../../../avr/lib/avr5/crtm16u4.o
LOAD Caterina.o
LOAD Descriptors.o
LOAD LUFA-111009/LUFA/Drivers/USB/Core/AVR8/Device_AVR8.o
LOAD LUFA-111009/LUFA/Drivers/USB/Core/AVR8/Endpoint_AVR8.o
LOAD LUFA-111009/LUFA/Drivers/USB/Core/AVR8/Host_AVR8.o
LOAD LUFA-111009/LUFA/Drivers/USB/Core/AVR8/Pipe_AVR8.o
LOAD LUFA-111009/LUFA/Drivers/USB/Core/AVR8/USBController_AVR8.o
LOAD LUFA-111009/LUFA/Drivers/USB/Core/AVR8/USBInterrupt_AVR8.o
LOAD LUFA-111009/LUFA/Drivers/USB/Core/AVR8/EndpointStream_AVR8.o
LOAD LUFA-111009/LUFA/Drivers/USB/Core/AVR8/PipeStream_AVR8.o
LOAD LUFA-111009/LUFA/Drivers/USB/Core/ConfigDescriptor.o
LOAD LUFA-111009/LUFA/Drivers/USB/Core/DeviceStandardReq.o
LOAD LUFA-111009/LUFA/Drivers/USB/Core/Events.o
LOAD LUFA-111009/LUFA/Drivers/USB/Core/HostStandardReq.o
LOAD LUFA-111009/LUFA/Drivers/USB/Core/USBTask.o
LOAD LUFA-111009/LUFA/Drivers/USB/Class/Common/HIDParser.o
Address of section .text set to 0x3000
LOAD /usr/lib/gcc/avr/4.9.2/../../../../avr/lib/avr5/libm.a
START GROUP
LOAD /usr/lib/gcc/avr/4.9.2/avr5/libgcc.a
LOAD /usr/lib/gcc/avr/4.9.2/../../../../avr/lib/avr5/libm.a
LOAD /usr/lib/gcc/avr/4.9.2/../../../../avr/lib/avr5/libc.a
END GROUP

.hash
 *(.hash)

.dynsym
 *(.dynsym)

.dynstr
 *(.dynstr)

.gnu.version
 *(.gnu.version)

.gnu.version_d
 *(.gnu.version_d)

.gnu.version_r
 *(.gnu.version_r)

.rel.init
 *(.rel.init)

.rela.init
 *(.rela.init)

.rel.text
 *(.rel.text)
 *(.rel.text.*)
 *(.rel.gnu.linkonce.t*)

.rela.text
 *(.rela.text)
 *(.rela.text.*)
 *(.rela.gnu.linkonce.t*)

.rel.fini
 *(.rel.fini)

.rela.fini
 *(.rela.fini)

.rel.rodata
 *(.rel.rodata)
 *(.rel.rodata.*)
 *(.rel.gnu.linkonce.r*)

.rela.rodata
 *(.rela.rodata)
 *(.rela.rodata.*)
 *(.rela.gnu.linkonce.r*)

.rel.data
 *(.rel.data)
 *(.rel.data.*)
 *(.rel.gnu.linkonce.d*)

.rela.data
 *(.rela.data)
 *(.rela.data.*)
 *(.rela.gnu.linkonce.d*)

.rel.ctors
 *(.rel.ctors)

.rela.ctors
 *(.rela.ctors)

.rel.dtors
 *(.rel.dtors)

.rela.dtors
 *(.rela.dtors)

.rel.got
 *(.rel.got)

.rela.got
 *(.rela.got)

.rel.bss
 *(.rel.bss)

.rela.bss
 *(.rela.bss)

.rel.plt
 *(.rel.plt)

.rela.plt
 *(.rela.plt)

.text           0x0000000000003000      0xe00
 *(.vectors)
 .vectors       0x0000000000003000       0xac /usr/lib/gcc/avr/4.9.2/../../../../avr/lib/avr5/crtm16u4.o
                0x0000000000003000                __vectors
                0x0000000000003000                __vector_default
 *(.vectors)
 *(.progmem.gcc*)
 .progmem.gcc_sw_table.USB_Device_ProcessControlRequest
                0x00000000000030ac       0x14 LUFA-111009/LUFA/Drivers/USB/Core/DeviceStandardReq.o
                0x00000000000030c0                . = ALIGN (0x2)
                0x00000000000030c0                __trampolines_start = .
 *(.trampolines)
 .trampolines   0x00000000000030c0        0x0 linker stubs
 *(.trampolines*)
                0x00000000000030c0                __trampolines_end = .
 *(.progmem*)
                0x00000000000030c0                . = ALIGN (0x2)
 *(.jumptables)
 *(.jumptables*)
 *(.lowtext)
 *(.lowtext*)
                0x00000000000030c0                __ctors_start = .
 *(.ctors)
                0x00000000000030c0                __ctors_end = .
                0x00000000000030c0                __dtors_start = .
 *(.dtors)
                0x00000000000030c0                __dtors_end = .
 SORT(*)(.ctors)
 SORT(*)(.dtors)
 *(.init0)
 .init0         0x00000000000030c0        0x0 /usr/lib/gcc/avr/4.9.2/../../../../avr/lib/avr5/crtm16u4.o
                0x00000000000030c0                __init
 *(.init0)
 *(.init1)
 *(.init1)
 *(.init2)
 .init2         0x00000000000030c0        0xc /usr/lib/gcc/avr/4.9.2/../../../../avr/lib/avr5/crtm16u4.o
 *(.init2)
 *(.init3)
 *(.init3)
 *(.init4)
 .init4         0x00000000000030cc       0x16 /usr/lib/gcc/avr/4.9.2/avr5/libgcc.a(_copy_data.o)
                0x00000000000030cc                __do_copy_data
 .init4         0x00000000000030e2       0x10 /usr/lib/gcc/avr/4.9.2/avr5/libgcc.a(_clear_bss.o)
                0x00000000000030e2                __do_clear_bss
 *(.init4)
 *(.init5)
 *(.init5)
 *(.init6)
 *(.init6)
 *(.init7)
 *(.init7)
 *(.init8)
 *(.init8)
 *(.init9)
 .init9         0x00000000000030f2        0x4 /usr/lib/gcc/avr/4.9.2/../../../../avr/lib/avr5/crtm16u4.o
 *(.init9)
 *(.text)
 .text          0x00000000000030f6        0x2 /usr/lib/gcc/avr/4.9.2/../../../../avr/lib/avr5/crtm16u4.o
                0x00000000000030f6                __vector_38
                0x00000000000030f6                __vector_22
                0x00000000000030f6                __vector_28
                0x00000000000030f6                __vector_1
                0x00000000000030f6                __vector_32
                0x00000000000030f6                __vector_34
                0x00000000000030f6                __vector_24
                0x00000000000030f6                __vector_12
                0x00000000000030f6                __bad_interrupt
                0x00000000000030f6                __vector_6
                0x00000000000030f6                __vector_31
                0x00000000000030f6                __vector_35
                0x00000000000030f6                __vector_39
                0x00000000000030f6                __vector_3
                0x00000000000030f6                __vector_23
                0x00000000000030f6                __vector_30
                0x00000000000030f6                __vector_25
                0x00000000000030f6                __vector_11
                0x00000000000030f6                __vector_13
                0x00000000000030f6                __vector_19
                0x00000000000030f6                __vector_7
                0x00000000000030f6                __vector_41
                0x00000000000030f6                __vector_27
                0x00000000000030f6                __vector_5
                0x00000000000030f6                __vector_33
                0x00000000000030f6                __vector_37
                0x00000000000030f6                __vector_4
                0x00000000000030f6                __vector_9
                0x00000000000030f6                __vector_2
                0x00000000000030f6                __vector_21
                0x00000000000030f6                __vector_15
                0x00000000000030f6                __vector_36
                0x00000000000030f6                __vector_29
                0x00000000000030f6                __vector_40
                0x00000000000030f6                __vector_8
                0x00000000000030f6                __vector_26
                0x00000000000030f6                __vector_14
                0x00000000000030f6                __vector_16
                0x00000000000030f6                __vector_18
                0x00000000000030f6                __vector_20
                0x00000000000030f6                __vector_42
                0x00000000000030f8                . = ALIGN (0x2)
 *(.text.*)
 .text.FetchNextCommandByte
                0x00000000000030f8       0x2e Caterina.o
 .text.WriteNextResponseByte
                0x0000000000003126       0x2e Caterina.o
 .text.StartSketch
                0x0000000000003154       0x1e Caterina.o
                0x0000000000003154                StartSketch
 .text.SetupHardware
                0x0000000000003172       0x4e Caterina.o
                0x0000000000003172                SetupHardware
 .text.__vector_17
                0x00000000000031c0       0x4e Caterina.o
                0x00000000000031c0                __vector_17
 .text.EVENT_USB_Device_ConfigurationChanged
                0x000000000000320e       0x18 Caterina.o
                0x000000000000320e                EVENT_USB_Device_ConfigurationChanged
 .text.EVENT_USB_Device_ControlRequest
                0x0000000000003226       0x5c Caterina.o
                0x0000000000003226                EVENT_USB_Device_ControlRequest
 .text.CDC_Task
                0x0000000000003282      0x498 Caterina.o
                0x0000000000003282                CDC_Task
 .text.startup.main
                0x000000000000371a       0x9a Caterina.o
                0x000000000000371a                main
 .text.CALLBACK_USB_GetDescriptor
                0x00000000000037b4       0x64 Descriptors.o
                0x00000000000037b4                CALLBACK_USB_GetDescriptor
 .text.Endpoint_ConfigureEndpoint_Prv
                0x0000000000003818       0x26 LUFA-111009/LUFA/Drivers/USB/Core/AVR8/Endpoint_AVR8.o
                0x0000000000003818                Endpoint_ConfigureEndpoint_Prv
 .text.Endpoint_ClearStatusStage
                0x000000000000383e       0x3a LUFA-111009/LUFA/Drivers/USB/Core/AVR8/Endpoint_AVR8.o
                0x000000000000383e                Endpoint_ClearStatusStage
 .text.USB_ResetInterface
                0x0000000000003878       0x76 LUFA-111009/LUFA/Drivers/USB/Core/AVR8/USBController_AVR8.o
                0x0000000000003878                USB_ResetInterface
 .text.USB_Init
                0x00000000000038ee       0x16 LUFA-111009/LUFA/Drivers/USB/Core/AVR8/USBController_AVR8.o
                0x00000000000038ee                USB_Init
 .text.USB_INT_DisableAllInterrupts
                0x0000000000003904       0x10 LUFA-111009/LUFA/Drivers/USB/Core/AVR8/USBInterrupt_AVR8.o
                0x0000000000003904                USB_INT_DisableAllInterrupts
 .text.USB_INT_ClearAllInterrupts
                0x0000000000003914        0xa LUFA-111009/LUFA/Drivers/USB/Core/AVR8/USBInterrupt_AVR8.o
                0x0000000000003914                USB_INT_ClearAllInterrupts
 .text.__vector_10
                0x000000000000391e      0x15c LUFA-111009/LUFA/Drivers/USB/Core/AVR8/USBInterrupt_AVR8.o
                0x000000000000391e                __vector_10
 .text.Endpoint_Write_Control_Stream_LE
                0x0000000000003a7a       0xba LUFA-111009/LUFA/Drivers/USB/Core/AVR8/EndpointStream_AVR8.o
                0x0000000000003a7a                Endpoint_Write_Control_Stream_LE
 .text.Endpoint_Read_Control_Stream_LE
                0x0000000000003b34       0x7c LUFA-111009/LUFA/Drivers/USB/Core/AVR8/EndpointStream_AVR8.o
                0x0000000000003b34                Endpoint_Read_Control_Stream_LE
 .text.USB_Device_ProcessControlRequest
                0x0000000000003bb0      0x1f0 LUFA-111009/LUFA/Drivers/USB/Core/DeviceStandardReq.o
                0x0000000000003bb0                USB_Device_ProcessControlRequest
 .text.USB_Event_Stub
                0x0000000000003da0        0x2 LUFA-111009/LUFA/Drivers/USB/Core/Events.o
                0x0000000000003da0                EVENT_USB_Device_Connect
                0x0000000000003da0                EVENT_USB_Device_WakeUp
                0x0000000000003da0                USB_Event_Stub
                0x0000000000003da0                EVENT_USB_Device_Suspend
                0x0000000000003da0                EVENT_USB_Device_StartOfFrame
                0x0000000000003da0                EVENT_USB_Device_Disconnect
                0x0000000000003da0                EVENT_USB_Device_Reset
 .text.USB_USBTask
                0x0000000000003da2       0x22 LUFA-111009/LUFA/Drivers/USB/Core/USBTask.o
                0x0000000000003da2                USB_USBTask
 .text.libgcc   0x0000000000003dc4        0xc /usr/lib/gcc/avr/4.9.2/avr5/libgcc.a(_tablejump2.o)
                0x0000000000003dc4                __tablejump2__
 .text.avr-libc
                0x0000000000003dd0       0x10 /usr/lib/gcc/avr/4.9.2/../../../../avr/lib/avr5/libc.a(eerd_byte_atmega16u4.o)
                0x0000000000003dd0                __eerd_byte_m16u4
 .text.avr-libc
                0x0000000000003de0       0x1c /usr/lib/gcc/avr/4.9.2/../../../../avr/lib/avr5/libc.a(eewr_byte_atmega16u4.o)
                0x0000000000003de0                __eewr_byte_m16u4
                0x0000000000003de2                __eewr_r18_m16u4
                0x0000000000003dfc                . = ALIGN (0x2)
 *(.fini9)
 .fini9         0x0000000000003dfc        0x0 /usr/lib/gcc/avr/4.9.2/avr5/libgcc.a(_exit.o)
                0x0000000000003dfc                exit
                0x0000000000003dfc                _exit
 *(.fini9)
 *(.fini8)
 *(.fini8)
 *(.fini7)
 *(.fini7)
 *(.fini6)
 *(.fini6)
 *(.fini5)
 *(.fini5)
 *(.fini4)
 *(.fini4)
 *(.fini3)
 *(.fini3)
 *(.fini2)
 *(.fini2)
 *(.fini1)
 *(.fini1)
 *(.fini0)
 .fini0         0x0000000000003dfc        0x4 /usr/lib/gcc/avr/4.9.2/avr5/libgcc.a(_exit.o)
 *(.fini0)
                0x0000000000003e00                _etext = .

.data           0x0000000000800100       0xa6 load address 0x0000000000003e00
                0x0000000000800100                PROVIDE (__data_start, .)
 *(.data)
 .data          0x0000000000800100        0xa Caterina.o
                0x0000000000800100                bootKey
 *(.data*)
 *(.rodata)
 .rodata        0x000000000080010a       0x92 Descriptors.o
                0x000000000080010a                ManufNameString
                0x0000000000800124                ProductString
                0x0000000000800148                LanguageString
                0x000000000080014c                ConfigurationDescriptor
                0x000000000080018a                DeviceDescriptor
 *(.rodata*)
 .rodata.str1.1
                0x000000000080019c        0x9 Caterina.o
 *(.gnu.linkonce.d*)
                0x00000000008001a6                . = ALIGN (0x2)
 *fill*         0x00000000008001a5        0x1 
                0x00000000008001a6                _edata = .
                0x00000000008001a6                PROVIDE (__data_end, .)

.bss            0x00000000008001a6       0x14
                0x00000000008001a6                PROVIDE (__bss_start, .)
 *(.bss)
 .bss           0x00000000008001a6        0xa Caterina.o
                0x00000000008001a6                Timeout
                0x00000000008001a8                RxLEDPulse
                0x00000000008001aa                TxLEDPulse
 *(.bss*)
 *(COMMON)
 COMMON         0x00000000008001b0        0x1 LUFA-111009/LUFA/Drivers/USB/Core/DeviceStandardReq.o
                0x00000000008001b0                USB_Device_ConfigurationNumber
 COMMON         0x00000000008001b1        0x9 LUFA-111009/LUFA/Drivers/USB/Core/USBTask.o
                0x00000000008001b1                USB_IsInitialized
                0x00000000008001b2                USB_ControlRequest
                0x00000000008001ba                PROVIDE (__bss_end, .)
                0x0000000000003e00                __data_load_start = LOADADDR (.data)
                0x0000000000003ea6                __data_load_end = (__data_load_start + SIZEOF (.data))

.noinit         0x00000000008001ba        0x0
                0x00000000008001ba                PROVIDE (__noinit_start, .)
 *(.noinit*)
                0x00000000008001ba                PROVIDE (__noinit_end, .)
                0x00000000008001ba                _end = .
                0x00000000008001ba                PROVIDE (__heap_start, .)

.eeprom         0x0000000000810000        0x0
 *(.eeprom*)
                0x0000000000810000                __eeprom_end = .

.fuse
 *(.fuse)
 *(.lfuse)
 *(.hfuse)
 *(.efuse)

.lock
 *(.lock*)

.signature
 *(.signature*)

.stab
 *(.stab)

.stabstr
 *(.stabstr)

.stab.excl
 *(.stab.excl)

.stab.exclstr
 *(.stab.exclstr)

.stab.index
 *(.stab.index)

.stab.indexstr
 *(.stab.indexstr)

.comment        0x0000000000000000       0x27
 *(.comment)
 .comment       0x0000000000000000       0x27 Caterina.o
                                         0x28 (size before relaxing)
 .comment       0x0000000000000027       0x28 Descriptors.o
 .comment       0x0000000000000027       0x28 LUFA-111009/LUFA/Drivers/USB/Core/AVR8/Endpoint_AVR8.o
 .comment       0x0000000000000027       0x28 LUFA-111009/LUFA/Drivers/USB/Core/AVR8/USBController_AVR8.o
 .comment       0x0000000000000027       0x28 LUFA-111009/LUFA/Drivers/USB/Core/AVR8/USBInterrupt_AVR8.o
 .comment       0x0000000000000027       0x28 LUFA-111009/LUFA/Drivers/USB/Core/AVR8/EndpointStream_AVR8.o
 .comment       0x0000000000000027       0x28 LUFA-111009/LUFA/Drivers/USB/Core/DeviceStandardReq.o
 .comment       0x0000000000000027       0x28 LUFA-111009/LUFA/Drivers/USB/Core/Events.o
 .comment       0x0000000000000027       0x28 LUFA-111009/LUFA/Drivers/USB/Core/USBTask.o

.note.gnu.build-id
 *(.note.gnu.build-id)

.debug
 *(.debug)

.line
 *(.line)

.debug_srcinfo
 *(.debug_srcinfo)

.debug_sfnames
 *(.debug_sfnames)

.debug_aranges  0x0000000000000000      0x240
 *(.debug_aranges)
 .debug_aranges
                0x0000000000000000       0x60 Caterina.o
 .debug_aranges
                0x0000000000000060       0x20 Descriptors.o
 .debug_aranges
                0x0000000000000080       0x38 LUFA-111009/LUFA/Drivers/USB/Core/AVR8/Endpoint_AVR8.o
 .debug_aranges
                0x00000000000000b8       0x30 LUFA-111009/LUFA/Drivers/USB/Core/AVR8/USBController_AVR8.o
 .debug_aranges
                0x00000000000000e8       0x30 LUFA-111009/LUFA/Drivers/USB/Core/AVR8/USBInterrupt_AVR8.o
 .debug_aranges
                0x0000000000000118       0xc8 LUFA-111009/LUFA/Drivers/USB/Core/AVR8/EndpointStream_AVR8.o
 .debug_aranges
                0x00000000000001e0       0x20 LUFA-111009/LUFA/Drivers/USB/Core/DeviceStandardReq.o
 .debug_aranges
                0x0000000000000200       0x20 LUFA-111009/LUFA/Drivers/USB/Core/Events.o
 .debug_aranges
                0x0000000000000220       0x20 LUFA-111009/LUFA/Drivers/USB/Core/USBTask.o

.debug_pubnames
 *(.debug_pubnames)

.debug_info     0x0000000000000000     0x4e10
 *(.debug_info .gnu.linkonce.wi.*)
 .debug_info    0x0000000000000000      0x982 /usr/lib/gcc/avr/4.9.2/../../../../avr/lib/avr5/crtm16u4.o
 .debug_info    0x0000000000000982      0xd79 Caterina.o
 .debug_info    0x00000000000016fb      0x659 Descriptors.o
 .debug_info    0x0000000000001d54      0x3d9 LUFA-111009/LUFA/Drivers/USB/Core/AVR8/Endpoint_AVR8.o
 .debug_info    0x000000000000212d      0x488 LUFA-111009/LUFA/Drivers/USB/Core/AVR8/USBController_AVR8.o
 .debug_info    0x00000000000025b5      0x5d2 LUFA-111009/LUFA/Drivers/USB/Core/AVR8/USBInterrupt_AVR8.o
 .debug_info    0x0000000000002b87     0x17d1 LUFA-111009/LUFA/Drivers/USB/Core/AVR8/EndpointStream_AVR8.o
 .debug_info    0x0000000000004358      0x80a LUFA-111009/LUFA/Drivers/USB/Core/DeviceStandardReq.o
 .debug_info    0x0000000000004b62       0x78 LUFA-111009/LUFA/Drivers/USB/Core/Events.o
 .debug_info    0x0000000000004bda      0x236 LUFA-111009/LUFA/Drivers/USB/Core/USBTask.o

.debug_abbrev   0x0000000000000000     0x1901
 *(.debug_abbrev)
 .debug_abbrev  0x0000000000000000      0x8fe /usr/lib/gcc/avr/4.9.2/../../../../avr/lib/avr5/crtm16u4.o
 .debug_abbrev  0x00000000000008fe      0x3cd Caterina.o
 .debug_abbrev  0x0000000000000ccb      0x115 Descriptors.o
 .debug_abbrev  0x0000000000000de0      0x176 LUFA-111009/LUFA/Drivers/USB/Core/AVR8/Endpoint_AVR8.o
 .debug_abbrev  0x0000000000000f56      0x1ba LUFA-111009/LUFA/Drivers/USB/Core/AVR8/USBController_AVR8.o
 .debug_abbrev  0x0000000000001110      0x1d2 LUFA-111009/LUFA/Drivers/USB/Core/AVR8/USBInterrupt_AVR8.o
 .debug_abbrev  0x00000000000012e2      0x1fd LUFA-111009/LUFA/Drivers/USB/Core/AVR8/EndpointStream_AVR8.o
 .debug_abbrev  0x00000000000014df      0x282 LUFA-111009/LUFA/Drivers/USB/Core/DeviceStandardReq.o
 .debug_abbrev  0x0000000000001761       0x44 LUFA-111009/LUFA/Drivers/USB/Core/Events.o
 .debug_abbrev  0x00000000000017a5      0x15c LUFA-111009/LUFA/Drivers/USB/Core/USBTask.o

.debug_line     0x0000000000000000     0x1ca7
 *(.debug_line .debug_line.* .debug_line_end)
 .debug_line    0x0000000000000000       0x1d /usr/lib/gcc/avr/4.9.2/../../../../avr/lib/avr5/crtm16u4.o
 .debug_line    0x000000000000001d      0x43b Caterina.o
 .debug_line    0x0000000000000458      0x12c Descriptors.o
 .debug_line    0x0000000000000584      0x28d LUFA-111009/LUFA/Drivers/USB/Core/AVR8/Endpoint_AVR8.o
 .debug_line    0x0000000000000811      0x22f LUFA-111009/LUFA/Drivers/USB/Core/AVR8/USBController_AVR8.o
 .debug_line    0x0000000000000a40      0x348 LUFA-111009/LUFA/Drivers/USB/Core/AVR8/USBInterrupt_AVR8.o
 .debug_line    0x0000000000000d88      0xaba LUFA-111009/LUFA/Drivers/USB/Core/AVR8/EndpointStream_AVR8.o
 .debug_line    0x0000000000001842      0x2cd LUFA-111009/LUFA/Drivers/USB/Core/DeviceStandardReq.o
 .debug_line    0x0000000000001b0f       0x5a LUFA-111009/LUFA/Drivers/USB/Core/Events.o
 .debug_line    0x0000000000001b69      0x13e LUFA-111009/LUFA/Drivers/USB/Core/USBTask.o

.debug_frame    0x0000000000000000      0x750
 *(.debug_frame)
 .debug_frame   0x0000000000000000      0x124 Caterina.o
 .debug_frame   0x0000000000000124       0x24 Descriptors.o
 .debug_frame   0x0000000000000148       0x54 LUFA-111009/LUFA/Drivers/USB/Core/AVR8/Endpoint_AVR8.o
 .debug_frame   0x000000000000019c       0x5c LUFA-111009/LUFA/Drivers/USB/Core/AVR8/USBController_AVR8.o
 .debug_frame   0x00000000000001f8       0x98 LUFA-111009/LUFA/Drivers/USB/Core/AVR8/USBInterrupt_AVR8.o
 .debug_frame   0x0000000000000290      0x42c LUFA-111009/LUFA/Drivers/USB/Core/AVR8/EndpointStream_AVR8.o
 .debug_frame   0x00000000000006bc       0x44 LUFA-111009/LUFA/Drivers/USB/Core/DeviceStandardReq.o
 .debug_frame   0x0000000000000700       0x24 LUFA-111009/LUFA/Drivers/USB/Core/Events.o
 .debug_frame   0x0000000000000724       0x2c LUFA-111009/LUFA/Drivers/USB/Core/USBTask.o

.debug_str      0x0000000000000000     0x2033
 *(.debug_str)
 .debug_str     0x0000000000000000      0x352 /usr/lib/gcc/avr/4.9.2/../../../../avr/lib/avr5/crtm16u4.o
 .debug_str     0x0000000000000352      0x80c Caterina.o
                                        0x899 (size before relaxing)
 .debug_str     0x0000000000000b5e      0x62a Descriptors.o
                                        0x810 (size before relaxing)
 .debug_str     0x0000000000001188      0x23d LUFA-111009/LUFA/Drivers/USB/Core/AVR8/Endpoint_AVR8.o
                                        0x544 (size before relaxing)
 .debug_str     0x00000000000013c5      0x249 LUFA-111009/LUFA/Drivers/USB/Core/AVR8/USBController_AVR8.o
                                        0x504 (size before relaxing)
 .debug_str     0x000000000000160e      0x14f LUFA-111009/LUFA/Drivers/USB/Core/AVR8/USBInterrupt_AVR8.o
                                        0x4fa (size before relaxing)
 .debug_str     0x000000000000175d      0x49f LUFA-111009/LUFA/Drivers/USB/Core/AVR8/EndpointStream_AVR8.o
                                        0x84f (size before relaxing)
 .debug_str     0x0000000000001bfc      0x399 LUFA-111009/LUFA/Drivers/USB/Core/DeviceStandardReq.o
                                        0x7b2 (size before relaxing)
 .debug_str     0x0000000000001f95       0x3a LUFA-111009/LUFA/Drivers/USB/Core/Events.o
                                        0x196 (size before relaxing)
 .debug_str     0x0000000000001fcf       0x64 LUFA-111009/LUFA/Drivers/USB/Core/USBTask.o
                                        0x350 (size before relaxing)

.debug_loc      0x0000000000000000     0x2cc5
 *(.debug_loc)
 .debug_loc     0x0000000000000000      0x610 Caterina.o
 .debug_loc     0x0000000000000610      0x1f4 Descriptors.o
 .debug_loc     0x0000000000000804       0xf9 LUFA-111009/LUFA/Drivers/USB/Core/AVR8/Endpoint_AVR8.o
 .debug_loc     0x00000000000008fd       0x49 LUFA-111009/LUFA/Drivers/USB/Core/AVR8/USBController_AVR8.o
 .debug_loc     0x0000000000000946      0x1e3 LUFA-111009/LUFA/Drivers/USB/Core/AVR8/USBInterrupt_AVR8.o
 .debug_loc     0x0000000000000b29     0x1ef6 LUFA-111009/LUFA/Drivers/USB/Core/AVR8/EndpointStream_AVR8.o
 .debug_loc     0x0000000000002a1f      0x25d LUFA-111009/LUFA/Drivers/USB/Core/DeviceStandardReq.o
 .debug_loc     0x0000000000002c7c       0x49 LUFA-111009/LUFA/Drivers/USB/Core/USBTask.o

.debug_macinfo
 *(.debug_macinfo)

.debug_weaknames
 *(.debug_weaknames)

.debug_funcnames
 *(.debug_funcnames)

.debug_typenames
 *(.debug_typenames)

.debug_varnames
 *(.debug_varnames)

.debug_pubtypes
 *(.debug_pubtypes)

.debug_ranges   0x0000000000000000      0x338
 *(.debug_ranges)
 .debug_ranges  0x0000000000000000       0x68 Caterina.o
 .debug_ranges  0x0000000000000068       0x10 Descriptors.o
 .debug_ranges  0x0000000000000078       0x28 LUFA-111009/LUFA/Drivers/USB/Core/AVR8/Endpoint_AVR8.o
 .debug_ranges  0x00000000000000a0       0x20 LUFA-111009/LUFA/Drivers/USB/Core/AVR8/USBController_AVR8.o
 .debug_ranges  0x00000000000000c0       0x38 LUFA-111009/LUFA/Drivers/USB/Core/AVR8/USBInterrupt_AVR8.o
 .debug_ranges  0x00000000000000f8      0x1f8 LUFA-111009/LUFA/Drivers/USB/Core/AVR8/EndpointStream_AVR8.o
 .debug_ranges  0x00000000000002f0       0x28 LUFA-111009/LUFA/Drivers/USB/Core/DeviceStandardReq.o
 .debug_ranges  0x0000000000000318       0x10 LUFA-111009/LUFA/Drivers/USB/Core/Events.o
 .debug_ranges  0x0000000000000328       0x10 LUFA-111009/LUFA/Drivers/USB/Core/USBTask.o

.debug_macro
 *(.debug_macro)
OUTPUT(Caterina.elf elf32-avr)
LOAD linker stubs

Cross Reference Table

Symbol                                            File
CALLBACK_HIDParser_FilterHIDReportItem            LUFA-111009/LUFA/Drivers/USB/Class/Common/HIDParser.o
CALLBACK_USB_GetDescriptor                        Descriptors.o
                                                  LUFA-111009/LUFA/Drivers/USB/Core/DeviceStandardReq.o
CDC_Task                                          Caterina.o
ConfigurationDescriptor                           Descriptors.o
DeviceDescriptor                                  Descriptors.o
EVENT_USB_Device_ConfigurationChanged             Caterina.o
                                                  LUFA-111009/LUFA/Drivers/USB/Core/DeviceStandardReq.o
EVENT_USB_Device_Connect                          LUFA-111009/LUFA/Drivers/USB/Core/Events.o
                                                  LUFA-111009/LUFA/Drivers/USB/Core/AVR8/USBInterrupt_AVR8.o
EVENT_USB_Device_ControlRequest                   Caterina.o
                                                  LUFA-111009/LUFA/Drivers/USB/Core/DeviceStandardReq.o
EVENT_USB_Device_Disconnect                       LUFA-111009/LUFA/Drivers/USB/Core/Events.o
                                                  LUFA-111009/LUFA/Drivers/USB/Core/AVR8/USBInterrupt_AVR8.o
EVENT_USB_Device_Reset                            LUFA-111009/LUFA/Drivers/USB/Core/Events.o
                                                  LUFA-111009/LUFA/Drivers/USB/Core/AVR8/USBInterrupt_AVR8.o
EVENT_USB_Device_StartOfFrame                     LUFA-111009/LUFA/Drivers/USB/Core/Events.o
EVENT_USB_Device_Suspend                          LUFA-111009/LUFA/Drivers/USB/Core/Events.o
                                                  LUFA-111009/LUFA/Drivers/USB/Core/AVR8/USBInterrupt_AVR8.o
EVENT_USB_Device_WakeUp                           LUFA-111009/LUFA/Drivers/USB/Core/Events.o
                                                  LUFA-111009/LUFA/Drivers/USB/Core/AVR8/USBInterrupt_AVR8.o
Endpoint_ClearEndpoints                           LUFA-111009/LUFA/Drivers/USB/Core/AVR8/Endpoint_AVR8.o
Endpoint_ClearStatusStage                         LUFA-111009/LUFA/Drivers/USB/Core/AVR8/Endpoint_AVR8.o
                                                  LUFA-111009/LUFA/Drivers/USB/Core/DeviceStandardReq.o
Endpoint_ConfigureEndpoint_Prv                    LUFA-111009/LUFA/Drivers/USB/Core/AVR8/Endpoint_AVR8.o
                                                  LUFA-111009/LUFA/Drivers/USB/Core/AVR8/USBInterrupt_AVR8.o
                                                  LUFA-111009/LUFA/Drivers/USB/Core/AVR8/USBController_AVR8.o
                                                  Caterina.o
Endpoint_Discard_Stream                           LUFA-111009/LUFA/Drivers/USB/Core/AVR8/EndpointStream_AVR8.o
Endpoint_Null_Stream                              LUFA-111009/LUFA/Drivers/USB/Core/AVR8/EndpointStream_AVR8.o
Endpoint_Read_Control_EStream_BE                  LUFA-111009/LUFA/Drivers/USB/Core/AVR8/EndpointStream_AVR8.o
Endpoint_Read_Control_EStream_LE                  LUFA-111009/LUFA/Drivers/USB/Core/AVR8/EndpointStream_AVR8.o
Endpoint_Read_Control_Stream_BE                   LUFA-111009/LUFA/Drivers/USB/Core/AVR8/EndpointStream_AVR8.o
Endpoint_Read_Control_Stream_LE                   LUFA-111009/LUFA/Drivers/USB/Core/AVR8/EndpointStream_AVR8.o
                                                  Caterina.o
Endpoint_Read_EStream_BE                          LUFA-111009/LUFA/Drivers/USB/Core/AVR8/EndpointStream_AVR8.o
Endpoint_Read_EStream_LE                          LUFA-111009/LUFA/Drivers/USB/Core/AVR8/EndpointStream_AVR8.o
Endpoint_Read_Stream_BE                           LUFA-111009/LUFA/Drivers/USB/Core/AVR8/EndpointStream_AVR8.o
Endpoint_Read_Stream_LE                           LUFA-111009/LUFA/Drivers/USB/Core/AVR8/EndpointStream_AVR8.o
Endpoint_WaitUntilReady                           LUFA-111009/LUFA/Drivers/USB/Core/AVR8/Endpoint_AVR8.o
                                                  LUFA-111009/LUFA/Drivers/USB/Core/AVR8/EndpointStream_AVR8.o
Endpoint_Write_Control_EStream_BE                 LUFA-111009/LUFA/Drivers/USB/Core/AVR8/EndpointStream_AVR8.o
Endpoint_Write_Control_EStream_LE                 LUFA-111009/LUFA/Drivers/USB/Core/AVR8/EndpointStream_AVR8.o
Endpoint_Write_Control_PStream_BE                 LUFA-111009/LUFA/Drivers/USB/Core/AVR8/EndpointStream_AVR8.o
Endpoint_Write_Control_PStream_LE                 LUFA-111009/LUFA/Drivers/USB/Core/AVR8/EndpointStream_AVR8.o
Endpoint_Write_Control_Stream_BE                  LUFA-111009/LUFA/Drivers/USB/Core/AVR8/EndpointStream_AVR8.o
Endpoint_Write_Control_Stream_LE                  LUFA-111009/LUFA/Drivers/USB/Core/AVR8/EndpointStream_AVR8.o
                                                  LUFA-111009/LUFA/Drivers/USB/Core/DeviceStandardReq.o
                                                  Caterina.o
Endpoint_Write_EStream_BE                         LUFA-111009/LUFA/Drivers/USB/Core/AVR8/EndpointStream_AVR8.o
Endpoint_Write_EStream_LE                         LUFA-111009/LUFA/Drivers/USB/Core/AVR8/EndpointStream_AVR8.o
Endpoint_Write_PStream_BE                         LUFA-111009/LUFA/Drivers/USB/Core/AVR8/EndpointStream_AVR8.o
Endpoint_Write_PStream_LE                         LUFA-111009/LUFA/Drivers/USB/Core/AVR8/EndpointStream_AVR8.o
Endpoint_Write_Stream_BE                          LUFA-111009/LUFA/Drivers/USB/Core/AVR8/EndpointStream_AVR8.o
Endpoint_Write_Stream_LE                          LUFA-111009/LUFA/Drivers/USB/Core/AVR8/EndpointStream_AVR8.o
LanguageString                                    Descriptors.o
ManufNameString                                   Descriptors.o
ProductString                                     Descriptors.o
RxLEDPulse                                        Caterina.o
SetupHardware                                     Caterina.o
StartSketch                                       Caterina.o
Timeout                                           Caterina.o
TxLEDPulse                                        Caterina.o
USB_ControlRequest                                LUFA-111009/LUFA/Drivers/USB/Core/USBTask.o
                                                  LUFA-111009/LUFA/Drivers/USB/Core/DeviceStandardReq.o
                                                  LUFA-111009/LUFA/Drivers/USB/Core/AVR8/EndpointStream_AVR8.o
                                                  LUFA-111009/LUFA/Drivers/USB/Core/AVR8/Endpoint_AVR8.o
                                                  Caterina.o
USB_Device_ConfigurationNumber                    LUFA-111009/LUFA/Drivers/USB/Core/DeviceStandardReq.o
                                                  LUFA-111009/LUFA/Drivers/USB/Core/AVR8/USBInterrupt_AVR8.o
                                                  LUFA-111009/LUFA/Drivers/USB/Core/AVR8/USBController_AVR8.o
USB_Device_ProcessControlRequest                  LUFA-111009/LUFA/Drivers/USB/Core/DeviceStandardReq.o
                                                  LUFA-111009/LUFA/Drivers/USB/Core/USBTask.o
USB_Device_SendRemoteWakeup                       LUFA-111009/LUFA/Drivers/USB/Core/AVR8/Device_AVR8.o
USB_Disable                                       LUFA-111009/LUFA/Drivers/USB/Core/AVR8/USBController_AVR8.o
USB_Event_Stub                                    LUFA-111009/LUFA/Drivers/USB/Core/Events.o
USB_GetHIDReportItemInfo                          LUFA-111009/LUFA/Drivers/USB/Class/Common/HIDParser.o
USB_GetHIDReportSize                              LUFA-111009/LUFA/Drivers/USB/Class/Common/HIDParser.o
USB_GetNextDescriptorComp                         LUFA-111009/LUFA/Drivers/USB/Core/ConfigDescriptor.o
USB_GetNextDescriptorOfType                       LUFA-111009/LUFA/Drivers/USB/Core/ConfigDescriptor.o
USB_GetNextDescriptorOfTypeAfter                  LUFA-111009/LUFA/Drivers/USB/Core/ConfigDescriptor.o
USB_GetNextDescriptorOfTypeBefore                 LUFA-111009/LUFA/Drivers/USB/Core/ConfigDescriptor.o
USB_INT_ClearAllInterrupts                        LUFA-111009/LUFA/Drivers/USB/Core/AVR8/USBInterrupt_AVR8.o
                                                  LUFA-111009/LUFA/Drivers/USB/Core/AVR8/USBController_AVR8.o
USB_INT_DisableAllInterrupts                      LUFA-111009/LUFA/Drivers/USB/Core/AVR8/USBInterrupt_AVR8.o
                                                  LUFA-111009/LUFA/Drivers/USB/Core/AVR8/USBController_AVR8.o
USB_Init                                          LUFA-111009/LUFA/Drivers/USB/Core/AVR8/USBController_AVR8.o
                                                  Caterina.o
USB_IsInitialized                                 LUFA-111009/LUFA/Drivers/USB/Core/USBTask.o
                                                  LUFA-111009/LUFA/Drivers/USB/Core/AVR8/USBController_AVR8.o
USB_ProcessHIDReport                              LUFA-111009/LUFA/Drivers/USB/Class/Common/HIDParser.o
USB_ResetInterface                                LUFA-111009/LUFA/Drivers/USB/Core/AVR8/USBController_AVR8.o
USB_SetHIDReportItemInfo                          LUFA-111009/LUFA/Drivers/USB/Class/Common/HIDParser.o
USB_USBTask                                       LUFA-111009/LUFA/Drivers/USB/Core/USBTask.o
                                                  LUFA-111009/LUFA/Drivers/USB/Core/AVR8/EndpointStream_AVR8.o
                                                  Caterina.o
__bad_interrupt                                   /usr/lib/gcc/avr/4.9.2/../../../../avr/lib/avr5/crtm16u4.o
__bss_end                                         /usr/lib/gcc/avr/4.9.2/avr5/libgcc.a(_clear_bss.o)
__bss_start                                       /usr/lib/gcc/avr/4.9.2/avr5/libgcc.a(_clear_bss.o)
__data_end                                        /usr/lib/gcc/avr/4.9.2/avr5/libgcc.a(_copy_data.o)
__data_load_start                                 /usr/lib/gcc/avr/4.9.2/avr5/libgcc.a(_copy_data.o)
__data_start                                      /usr/lib/gcc/avr/4.9.2/avr5/libgcc.a(_copy_data.o)
__do_clear_bss                                    /usr/lib/gcc/avr/4.9.2/avr5/libgcc.a(_clear_bss.o)
                                                  LUFA-111009/LUFA/Drivers/USB/Core/USBTask.o
                                                  LUFA-111009/LUFA/Drivers/USB/Core/DeviceStandardReq.o
                                                  Caterina.o
__do_copy_data                                    /usr/lib/gcc/avr/4.9.2/avr5/libgcc.a(_copy_data.o)
                                                  Descriptors.o
                                                  Caterina.o
__eerd_byte_m16u4                                 /usr/lib/gcc/avr/4.9.2/../../../../avr/lib/avr5/libc.a(eerd_byte_atmega16u4.o)
                                                  LUFA-111009/LUFA/Drivers/USB/Core/AVR8/EndpointStream_AVR8.o
                                                  Caterina.o
__eeupd_byte_m16u4                                /usr/lib/gcc/avr/4.9.2/../../../../avr/lib/avr5/libc.a(eeupd_byte_atmega16u4.o)
                                                  LUFA-111009/LUFA/Drivers/USB/Core/AVR8/EndpointStream_AVR8.o
__eeupd_r18_m16u4                                 /usr/lib/gcc/avr/4.9.2/../../../../avr/lib/avr5/libc.a(eeupd_byte_atmega16u4.o)
__eewr_byte_m16u4                                 /usr/lib/gcc/avr/4.9.2/../../../../avr/lib/avr5/libc.a(eewr_byte_atmega16u4.o)
                                                  Caterina.o
__eewr_r18_m16u4                                  /usr/lib/gcc/avr/4.9.2/../../../../avr/lib/avr5/libc.a(eewr_byte_atmega16u4.o)
__heap_end                                        /usr/lib/gcc/avr/4.9.2/../../../../avr/lib/avr5/crtm16u4.o
__init                                            /usr/lib/gcc/avr/4.9.2/../../../../avr/lib/avr5/crtm16u4.o
__stack                                           /usr/lib/gcc/avr/4.9.2/../../../../avr/lib/avr5/crtm16u4.o
__tablejump2__                                    /usr/lib/gcc/avr/4.9.2/avr5/libgcc.a(_tablejump2.o)
                                                  LUFA-111009/LUFA/Drivers/USB/Core/DeviceStandardReq.o
__vector_1                                        /usr/lib/gcc/avr/4.9.2/../../../../avr/lib/avr5/crtm16u4.o
__vector_10                                       LUFA-111009/LUFA/Drivers/USB/Core/AVR8/USBInterrupt_AVR8.o
                                                  /usr/lib/gcc/avr/4.9.2/../../../../avr/lib/avr5/crtm16u4.o
__vector_11                                       /usr/lib/gcc/avr/4.9.2/../../../../avr/lib/avr5/crtm16u4.o
__vector_12                                       /usr/lib/gcc/avr/4.9.2/../../../../avr/lib/avr5/crtm16u4.o
__vector_13                                       /usr/lib/gcc/avr/4.9.2/../../../../avr/lib/avr5/crtm16u4.o
__vector_14                                       /usr/lib/gcc/avr/4.9.2/../../../../avr/lib/avr5/crtm16u4.o
__vector_15                                       /usr/lib/gcc/avr/4.9.2/../../../../avr/lib/avr5/crtm16u4.o
__vector_16                                       /usr/lib/gcc/avr/4.9.2/../../../../avr/lib/avr5/crtm16u4.o
__vector_17                                       Caterina.o
                                                  /usr/lib/gcc/avr/4.9.2/../../../../avr/lib/avr5/crtm16u4.o
__vector_18                                       /usr/lib/gcc/avr/4.9.2/../../../../avr/lib/avr5/crtm16u4.o
__vector_19                                       /usr/lib/gcc/avr/4.9.2/../../../../avr/lib/avr5/crtm16u4.o
__vector_2                                        /usr/lib/gcc/avr/4.9.2/../../../../avr/lib/avr5/crtm16u4.o
__vector_20                                       /usr/lib/gcc/avr/4.9.2/../../../../avr/lib/avr5/crtm16u4.o
__vector_21                                       /usr/lib/gcc/avr/4.9.2/../../../../avr/lib/avr5/crtm16u4.o
__vector_22                                       /usr/lib/gcc/avr/4.9.2/../../../../avr/lib/avr5/crtm16u4.o
__vector_23                                       /usr/lib/gcc/avr/4.9.2/../../../../avr/lib/avr5/crtm16u4.o
__vector_24                                       /usr/lib/gcc/avr/4.9.2/../../../../avr/lib/avr5/crtm16u4.o
__vector_25                                       /usr/lib/gcc/avr/4.9.2/../../../../avr/lib/avr5/crtm16u4.o
__vector_26                                       /usr/lib/gcc/avr/4.9.2/../../../../avr/lib/avr5/crtm16u4.o
__vector_27                                       /usr/lib/gcc/avr/4.9.2/../../../../avr/lib/avr5/crtm16u4.o
__vector_28                                       /usr/lib/gcc/avr/4.9.2/../../../../avr/lib/avr5/crtm16u4.o
__vector_29                                       /usr/lib/gcc/avr/4.9.2/../../../../avr/lib/avr5/crtm16u4.o
__vector_3                                        /usr/lib/gcc/avr/4.9.2/../../../../avr/lib/avr5/crtm16u4.o
__vector_30                                       /usr/lib/gcc/avr/4.9.2/../../../../avr/lib/avr5/crtm16u4.o
__vector_31                                       /usr/lib/gcc/avr/4.9.2/../../../../avr/lib/avr5/crtm16u4.o
__vector_32                                       /usr/lib/gcc/avr/4.9.2/../../../../avr/lib/avr5/crtm16u4.o
__vector_33                                       /usr/lib/gcc/avr/4.9.2/../../../../avr/lib/avr5/crtm16u4.o
__vector_34                                       /usr/lib/gcc/avr/4.9.2/../../../../avr/lib/avr5/crtm16u4.o
__vector_35                                       /usr/lib/gcc/avr/4.9.2/../../../../avr/lib/avr5/crtm16u4.o
__vector_36                                       /usr/lib/gcc/avr/4.9.2/../../../../avr/lib/avr5/crtm16u4.o
__vector_37                                       /usr/lib/gcc/avr/4.9.2/../../../../avr/lib/avr5/crtm16u4.o
__vector_38                                       /usr/lib/gcc/avr/4.9.2/../../../../avr/lib/avr5/crtm16u4.o
__vector_39                                       /usr/lib/gcc/avr/4.9.2/../../../../avr/lib/avr5/crtm16u4.o
__vector_4                                        /usr/lib/gcc/avr/4.9.2/../../../../avr/lib/avr5/crtm16u4.o
__vector_40                                       /usr/lib/gcc/avr/4.9.2/../../../../avr/lib/avr5/crtm16u4.o
__vector_41                                       /usr/lib/gcc/avr/4.9.2/../../../../avr/lib/avr5/crtm16u4.o
__vector_42                                       /usr/lib/gcc/avr/4.9.2/../../../../avr/lib/avr5/crtm16u4.o
__vector_5                                        /usr/lib/gcc/avr/4.9.2/../../../../avr/lib/avr5/crtm16u4.o
__vector_6                                        /usr/lib/gcc/avr/4.9.2/../../../../avr/lib/avr5/crtm16u4.o
__vector_7                                        /usr/lib/gcc/avr/4.9.2/../../../../avr/lib/avr5/crtm16u4.o
__vector_8                                        /usr/lib/gcc/avr/4.9.2/../../../../avr/lib/avr5/crtm16u4.o
__vector_9                                        /usr/lib/gcc/avr/4.9.2/../../../../avr/lib/avr5/crtm16u4.o
__vector_default                                  /usr/lib/gcc/avr/4.9.2/../../../../avr/lib/avr5/crtm16u4.o
__vectors                                         /usr/lib/gcc/avr/4.9.2/../../../../avr/lib/avr5/crtm16u4.o
_exit                                             /usr/lib/gcc/avr/4.9.2/avr5/libgcc.a(_exit.o)
bootKey                                           Caterina.o
bootKeyPtr                                        Caterina.o
exit                                              /usr/lib/gcc/avr/4.9.2/avr5/libgcc.a(_exit.o)
                                                  /usr/lib/gcc/avr/4.9.2/../../../../avr/lib/avr5/crtm16u4.o
main                                              Caterina.o
                                                  /usr/lib/gcc/avr/4.9.2/../../../../avr/lib/avr5/crtm16u4.o
